// Jest Snapshot v1, https://goo.gl/fbAQLP

exports[`NPFFabricsQuestion render the UI as expected 1`] = `
<div
  className="NPFFabricsQuestion"
  id="fabric-question"
>
  <section
    className="FormPage"
  >
    <h1>
      Fabrics
    </h1>
    <form
      autoComplete="off"
      id="form-page"
    >
      <div
        className="FormPromptWithSub"
      >
        <p
          className="FormPromptWithSub__prompt"
        >
          Select the product's material types below
        </p>
        <p
          className="FormPromptWithSub__subtitle"
        >
          
        </p>
      </div>
      <fieldset
        className="FormFieldset"
      >
        <div />
        <div
          className="FormCheckboxSection"
        >
          <p>
            The primary fabric or material is the main fabric used in the garment or accessory.  The primary fabric is required.
          </p>
          <div
            className="FormCheckboxSection__options-container"
          >
            <div
              className="FormCheckboxSection__option"
            >
              <input
                checked={false}
                id="primary-fabric"
                name="primary-fabric"
                onChange={[Function]}
                type="checkbox"
              />
              <label
                htmlFor="primary-fabric"
              >
                The product has a primary fabric or material
              </label>
            </div>
          </div>
        </div>
        <div
          className="FormCheckboxSection"
        >
          <p>
            Garments and accessories sometimes include secondary fabrics as trims or accents.  Does this product include a secondary fabric?
          </p>
          <div
            className="FormCheckboxSection__options-container"
          >
            <div
              className="FormCheckboxSection__option"
            >
              <input
                checked={false}
                id="secondary-fabric"
                name="secondary-fabric"
                onChange={[Function]}
                type="checkbox"
              />
              <label
                htmlFor="secondary-fabric"
              >
                Yes, the product has a secondary fabric or material
              </label>
            </div>
          </div>
        </div>
        <div
          className="FormCheckboxSection"
        >
          <p>
            Garments and accessories sometimes include lining fabrics - an inner layer of fabric on the interior of the product.  Does this product include a lining fabric?
          </p>
          <div
            className="FormCheckboxSection__options-container"
          >
            <div
              className="FormCheckboxSection__option"
            >
              <input
                checked={false}
                id="lining-fabric"
                name="lining-fabric"
                onChange={[Function]}
                type="checkbox"
              />
              <label
                htmlFor="lining-fabric"
              >
                Yes, the product has a lining fabric or material
              </label>
            </div>
          </div>
        </div>
      </fieldset>
    </form>
    <div>
      
    </div>
  </section>
  <footer
    className="NPFFooter"
  >
    <button
      className="NPFFooter__previous"
      onClick={[Function]}
      type="button"
    >
      <svg
        aria-hidden="true"
        className="svg-inline--fa fa-angle-left fa-w-8 NPFFooter__left-arrow"
        data-icon="angle-left"
        data-prefix="fas"
        focusable="false"
        role="img"
        style={Object {}}
        viewBox="0 0 256 512"
        xmlns="http://www.w3.org/2000/svg"
      >
        <path
          d="M31.7 239l136-136c9.4-9.4 24.6-9.4 33.9 0l22.6 22.6c9.4 9.4 9.4 24.6 0 33.9L127.9 256l96.4 96.4c9.4 9.4 9.4 24.6 0 33.9L201.7 409c-9.4 9.4-24.6 9.4-33.9 0l-136-136c-9.5-9.4-9.5-24.6-.1-34z"
          fill="currentColor"
          style={Object {}}
        />
      </svg>
      <span>
        PREVIOUS
      </span>
    </button>
    <button
      className="NPFFooter__next"
      onClick={[Function]}
      type="button"
    >
      <span>
        NEXT
      </span>
      <svg
        aria-hidden="true"
        className="svg-inline--fa fa-angle-right fa-w-8 NPFFooter__right-arrow"
        data-icon="angle-right"
        data-prefix="fas"
        focusable="false"
        role="img"
        style={Object {}}
        viewBox="0 0 256 512"
        xmlns="http://www.w3.org/2000/svg"
      >
        <path
          d="M224.3 273l-136 136c-9.4 9.4-24.6 9.4-33.9 0l-22.6-22.6c-9.4-9.4-9.4-24.6 0-33.9l96.4-96.4-96.4-96.4c-9.4-9.4-9.4-24.6 0-33.9L54.3 103c9.4-9.4 24.6-9.4 33.9 0l136 136c9.5 9.4 9.5 24.6.1 34z"
          fill="currentColor"
          style={Object {}}
        />
      </svg>
    </button>
  </footer>
</div>
`;
