// Jest Snapshot v1, https://goo.gl/fbAQLP

exports[`EmailSignUp renders the UI as expected 1`] = `
<section>
  <header>
    <h3>
      Save your favorite brands and styles
    </h3>
  </header>
  <p>
    Create an account and save items to buy later.
  </p>
  <form>
    <label
      htmlFor="email-signup"
    >
      Email address
    </label>
    <input
      id="email-signup"
      name="email-signup"
      type="text"
    />
    <button
      type="button"
    >
      Create account
    </button>
  </form>
</section>
`;
