// Jest Snapshot v1, https://goo.gl/fbAQLP

exports[`NewsletterSignup renders the UI as expected 1`] = `
<form
  className="NewsletterSignUp"
>
  <p>
    Want updates?
  </p>
  <fieldset>
    <label
      htmlFor="newsletter"
    >
      Email 
    </label>
    <input
      id="newsletter"
      name="newsletter"
      type="text"
    />
  </fieldset>
  <button
    className="FormButton"
    onClick={[Function]}
    type="button"
  >
    SUBMIT
  </button>
</form>
`;
