// Jest Snapshot v1, https://goo.gl/fbAQLP

exports[`NPFFabrics render the UI as expected 1`] = `
<div
  id="fabrics"
>
  <section
    className="FormPage"
  >
    <div
      className="empty"
    />
    <form
      id="form-page"
    >
      <div
        className="FormPromptWithSub"
      >
        <p
          className="FormPromptWithSub__prompt"
        >
          Please enter the fabric details provided on the product webpage.
        </p>
        <p
          className="FormPromptWithSub__subtitle"
        >
          If the product page does not provide the information detailed below, please select "not disclosed" from the dropdown.
        </p>
      </div>
      <fieldset
        className="FormFieldset"
      >
        <p>
          Fabric Dyeing, Printing, and Finishing
        </p>
        <div
          className="FormDropdown"
        >
          <label
            htmlFor="dyeFinLocation"
          >
            Dyeing and finishing location
          </label>
          <select
            name="dyeFinLocation"
            onChange={[Function]}
            required={true}
          >
            <option
              id={0}
              value={0}
            >
              Select a country
            </option>
          </select>
        </div>
        <div
          className="FormDropdown"
        >
          <label
            htmlFor="dye-fin-id"
          >
            Dyeing and finishing factory
          </label>
          <select
            name="dyeFinId"
            onChange={[Function]}
            required={true}
            value=""
          >
            <option
              id={0}
              value={0}
            >
              Select a factory
            </option>
          </select>
        </div>
        <button
          className="FormButton"
          onClick={[Function]}
          type="button"
        >
          ADD A FACTORY
        </button>
        <section
          className="FormPopUp__pop-up"
          id="undefinedNewFact"
        >
          <button
            className="FormPopUp__close-button"
            onClick={[Function]}
            type="button"
          >
            <svg
              aria-hidden="true"
              className="svg-inline--fa fa-times fa-w-11 fa-lg "
              data-icon="times"
              data-prefix="fas"
              focusable="false"
              role="img"
              style={Object {}}
              viewBox="0 0 352 512"
              xmlns="http://www.w3.org/2000/svg"
            >
              <path
                d="M242.72 256l100.07-100.07c12.28-12.28 12.28-32.19 0-44.48l-22.24-22.24c-12.28-12.28-32.19-12.28-44.48 0L176 189.28 75.93 89.21c-12.28-12.28-32.19-12.28-44.48 0L9.21 111.45c-12.28 12.28-12.28 32.19 0 44.48L109.28 256 9.21 356.07c-12.28 12.28-12.28 32.19 0 44.48l22.24 22.24c12.28 12.28 32.2 12.28 44.48 0L176 322.72l100.07 100.07c12.28 12.28 32.2 12.28 44.48 0l22.24-22.24c12.28-12.28 12.28-32.19 0-44.48L242.72 256z"
                fill="currentColor"
                style={Object {}}
              />
            </svg>
          </button>
          <header>
            <h1>
              New Factory
            </h1>
          </header>
          <div
            className="FormText"
          >
            <label
              htmlFor="undefinedNewFactName"
            >
              Factory name
            </label>
            <input
              id="undefinedNewFactName"
              name="name"
              onChange={[Function]}
              required={true}
              type="text"
              value=""
            />
          </div>
          <div
            className="FormDropdown"
          >
            <label
              htmlFor="undefinedNewFactLocation"
            >
              Location
            </label>
            <select
              name="location"
              onChange={[Function]}
              required={true}
            >
              <option
                id={0}
                value={0}
              >
                Select a country
              </option>
            </select>
          </div>
          <div
            className="FormUrlInput"
          >
            <label
              htmlFor="undefinedNewFactWebsite"
            >
              Website
            </label>
            <input
              defaultValue=""
              id="undefinedNewFactWebsite"
              name="website"
              onChange={[Function]}
              required={true}
              type="url"
            />
          </div>
          <div
            className="FormText"
          >
            <label
              htmlFor="undefinedNewFactNotes"
            >
              Notes
            </label>
            <input
              id="undefinedNewFactNotes"
              name="notes"
              onChange={[Function]}
              required={true}
              type="text"
              value=""
            />
          </div>
          <button
            className="FormButton"
            onClick={[Function]}
            type="button"
          >
            Submit Factory
          </button>
        </section>
        <div
          className="FormText"
        >
          <label
            htmlFor="dye-fin-notes"
          >
            Whether or not the factory is listed, are there notes about the dyeing/printing/finishing mill?  If so, copy them and paste them here.
          </label>
          <input
            id="dye-fin-notes"
            name="dyeFinNotes"
            onChange={[Function]}
            required={true}
            type="text"
            value=""
          />
        </div>
      </fieldset>
      <fieldset
        className="FormFieldset"
      >
        <p>
          Knitting and Weaving
        </p>
        <div
          className="FormDropdown"
        >
          <label
            htmlFor="wov-knit-location"
          >
            Knitting or weaving location
          </label>
          <select
            name="wovKnitLocation"
            onChange={[Function]}
            required={true}
          >
            <option
              id={0}
              value={0}
            >
              Select a country
            </option>
          </select>
        </div>
        <div
          className="FormDropdown"
        >
          <label
            htmlFor="wov-knit-location"
          >
            Knitting/weaving fabric mill
          </label>
          <select
            name="wovKnitFactory"
            onChange={[Function]}
            required={true}
          >
            <option
              id={0}
              value={0}
            >
              Select a fabric mill
            </option>
          </select>
        </div>
        <button
          className="FormButton"
          onClick={[Function]}
          type="button"
        >
          ADD A FABRIC MILL
        </button>
        <section
          className="FormPopUp__pop-up"
          id="undefinedNewMill"
        >
          <button
            className="FormPopUp__close-button"
            onClick={[Function]}
            type="button"
          >
            <svg
              aria-hidden="true"
              className="svg-inline--fa fa-times fa-w-11 fa-lg "
              data-icon="times"
              data-prefix="fas"
              focusable="false"
              role="img"
              style={Object {}}
              viewBox="0 0 352 512"
              xmlns="http://www.w3.org/2000/svg"
            >
              <path
                d="M242.72 256l100.07-100.07c12.28-12.28 12.28-32.19 0-44.48l-22.24-22.24c-12.28-12.28-32.19-12.28-44.48 0L176 189.28 75.93 89.21c-12.28-12.28-32.19-12.28-44.48 0L9.21 111.45c-12.28 12.28-12.28 32.19 0 44.48L109.28 256 9.21 356.07c-12.28 12.28-12.28 32.19 0 44.48l22.24 22.24c12.28 12.28 32.2 12.28 44.48 0L176 322.72l100.07 100.07c12.28 12.28 32.2 12.28 44.48 0l22.24-22.24c12.28-12.28 12.28-32.19 0-44.48L242.72 256z"
                fill="currentColor"
                style={Object {}}
              />
            </svg>
          </button>
          <header>
            <h1>
              New Fabric Mill
            </h1>
          </header>
          <div
            className="FormText"
          >
            <label
              htmlFor="undefined-new-mill-name"
            >
              Fabric mill name
            </label>
            <input
              id="undefined-new-mill-name"
              name="name"
              onChange={[Function]}
              required={true}
              type="text"
              value=""
            />
          </div>
          <div
            className="FormDropdown"
          >
            <label
              htmlFor="undefinedNewMillLocation"
            >
              Location
            </label>
            <select
              name="location"
              onChange={[Function]}
              required={true}
            >
              <option
                id={0}
                value={0}
              >
                Select a country
              </option>
            </select>
          </div>
          <div
            className="FormUrlInput"
          >
            <label
              htmlFor="undefinedNewMillWebsite"
            >
              Website
            </label>
            <input
              defaultValue=""
              id="undefinedNewMillWebsite"
              name="website"
              onChange={[Function]}
              required={true}
              type="url"
            />
          </div>
          <div
            className="FormText"
          >
            <label
              htmlFor="undefinedNewMillNotes"
            >
              Notes
            </label>
            <input
              id="undefinedNewMillNotes"
              name="notes"
              onChange={[Function]}
              required={true}
              type="text"
              value=""
            />
          </div>
          <button
            className="FormButton"
            onClick={[Function]}
            type="button"
          >
            SUBMIT FABRIC MILL
          </button>
        </section>
        <div
          className="FormText"
        >
          <label
            htmlFor="wov-knit-notes"
          >
            Whether or not the factory is listed, are there notes about the dyeing/printing/finishing mill?  If so, copy them and paste them here.
          </label>
          <input
            id="wov-knit-notes"
            name="wovKnitNotes"
            onChange={[Function]}
            required={true}
            type="text"
            value=""
          />
        </div>
      </fieldset>
      <fieldset
        className="FormFieldset"
      >
        <p>
          Does the primary fabric have any of the following certifications?
        </p>
        <div
          className="FormCheckboxSection"
        >
          <div
            className="empty"
          />
          <div
            className="FormCheckboxSection__options-container"
          />
        </div>
        <button
          className="FormButton"
          onClick={[Function]}
          type="button"
        >
          ADD A CERTIFICATION
        </button>
        <section
          className="FormPopUp__pop-up"
          id="undefinedNewCert"
        >
          <button
            className="FormPopUp__close-button"
            onClick={[Function]}
            type="button"
          >
            <svg
              aria-hidden="true"
              className="svg-inline--fa fa-times fa-w-11 fa-lg "
              data-icon="times"
              data-prefix="fas"
              focusable="false"
              role="img"
              style={Object {}}
              viewBox="0 0 352 512"
              xmlns="http://www.w3.org/2000/svg"
            >
              <path
                d="M242.72 256l100.07-100.07c12.28-12.28 12.28-32.19 0-44.48l-22.24-22.24c-12.28-12.28-32.19-12.28-44.48 0L176 189.28 75.93 89.21c-12.28-12.28-32.19-12.28-44.48 0L9.21 111.45c-12.28 12.28-12.28 32.19 0 44.48L109.28 256 9.21 356.07c-12.28 12.28-12.28 32.19 0 44.48l22.24 22.24c12.28 12.28 32.2 12.28 44.48 0L176 322.72l100.07 100.07c12.28 12.28 32.2 12.28 44.48 0l22.24-22.24c12.28-12.28 12.28-32.19 0-44.48L242.72 256z"
                fill="currentColor"
                style={Object {}}
              />
            </svg>
          </button>
          <header>
            <h1>
              New Certification
            </h1>
          </header>
          <div
            className="FormText"
          >
            <label
              htmlFor="undefined-new-cert-name"
            >
              Certification name
            </label>
            <input
              id="undefined-new-cert-name"
              name="name"
              onChange={[Function]}
              required={true}
              type="text"
              value=""
            />
          </div>
          <div
            className="FormUrlInput"
          >
            <label
              htmlFor="undefined-new-cert-website"
            >
              Website
            </label>
            <input
              defaultValue=""
              id="undefined-new-cert-website"
              name="website"
              onChange={[Function]}
              required={true}
              type="url"
            />
          </div>
          <button
            className="FormButton"
            onClick={[Function]}
            type="button"
          >
            SUBMIT CERTIFICATION
          </button>
        </section>
      </fieldset>
      <div
        className="FormPromptWithSub"
      >
        <p
          className="FormPromptWithSub__prompt"
        >
          Fibers
        </p>
        <p
          className="FormPromptWithSub__subtitle"
        >
          Please enter the fabric details provided on the product webpage.  If the product page does not provide the information detailed below, please select "not disclosed" from the dropdown.
        </p>
      </div>
      <fieldset
        className="NewProductForm__fieldset"
      >
        <button
          className="NewProductForm__remove"
          onClick={[Function]}
          type="button"
        >
          REMOVE
        </button>
        <div
          className="FormDropdown"
        >
          <label
            htmlFor="fiber-type-id-0"
          >
            Fiber or material
          </label>
          <select
            name="fiberTypeId"
            onChange={[Function]}
            required={true}
          >
            <option
              id={0}
              value={0}
            >
              Select a fiber or material
            </option>
          </select>
        </div>
        <button
          className="FormButton"
          onClick={[Function]}
          type="button"
        >
          ADD A FIBER OR MATERIAL TYPE
        </button>
        <section
          className="FormPopUp__pop-up"
          id="new-fiber"
        >
          <button
            className="FormPopUp__close-button"
            onClick={[Function]}
            type="button"
          >
            <svg
              aria-hidden="true"
              className="svg-inline--fa fa-times fa-w-11 fa-lg "
              data-icon="times"
              data-prefix="fas"
              focusable="false"
              role="img"
              style={Object {}}
              viewBox="0 0 352 512"
              xmlns="http://www.w3.org/2000/svg"
            >
              <path
                d="M242.72 256l100.07-100.07c12.28-12.28 12.28-32.19 0-44.48l-22.24-22.24c-12.28-12.28-32.19-12.28-44.48 0L176 189.28 75.93 89.21c-12.28-12.28-32.19-12.28-44.48 0L9.21 111.45c-12.28 12.28-12.28 32.19 0 44.48L109.28 256 9.21 356.07c-12.28 12.28-12.28 32.19 0 44.48l22.24 22.24c12.28 12.28 32.2 12.28 44.48 0L176 322.72l100.07 100.07c12.28 12.28 32.2 12.28 44.48 0l22.24-22.24c12.28-12.28 12.28-32.19 0-44.48L242.72 256z"
                fill="currentColor"
                style={Object {}}
              />
            </svg>
          </button>
          <header>
            <h1>
              New Fiber
            </h1>
          </header>
          <div
            className="FormText"
          >
            <label
              htmlFor="new-fiber-name"
            >
              Fiber name
            </label>
            <input
              id="new-fiber-name"
              name="name"
              onChange={[Function]}
              required={true}
              type="text"
              value=""
            />
          </div>
          <button
            className="FormButton"
            onClick={[Function]}
            type="button"
          >
            SUBMIT FIBER
          </button>
        </section>
        <div
          className="FormNumber"
        >
          <label
            htmlFor="fiber-type-percentage-0"
          >
            Percentage of fabric content, if available
          </label>
          <input
            id="fiber-type-percentage-0"
            name="percentage"
            onChange={[Function]}
            type="number"
            value=""
          />
           %
        </div>
        <div
          className="FormDropdown"
        >
          <label
            htmlFor="fiber-origin0"
          >
            Fiber origin
          </label>
          <select
            name="originId"
            onChange={[Function]}
            required={true}
            value={0}
          >
            <option
              id={0}
              value={0}
            >
              Select a country
            </option>
          </select>
        </div>
        <div
          className="FormDropdown"
        >
          <label
            htmlFor="producer-id0"
          >
            Fiber or material producer
          </label>
          <select
            name="producerId"
            onChange={[Function]}
            required={true}
            value={0}
          >
            <option
              id={0}
              value={0}
            >
              Select a factory
            </option>
          </select>
        </div>
        <div
          className="FormText"
        >
          <label
            htmlFor="producer-notes0"
          >
            Whether or not the producer is listed, are there notes about the fiber or material producer?  If so, copy them and paste them here.
          </label>
          <input
            id="producer-notes0"
            name="producerNotes"
            onChange={[Function]}
            required={true}
            type="text"
            value=""
          />
        </div>
        <div
          className="FormPromptWithSub"
        >
          <p
            className="FormPromptWithSub__prompt"
          >
            
          </p>
          <p
            className="FormPromptWithSub__subtitle"
          >
            Does the primary fabric have any of the following certifications?
          </p>
        </div>
        <div
          className="FormCheckboxSection"
        >
          <div
            className="empty"
          />
          <div
            className="FormCheckboxSection__options-container"
          />
        </div>
        <button
          className="FormButton"
          onClick={[Function]}
          type="button"
        >
          ADD A CERTIFICATION
        </button>
      </fieldset>
      <button
        className="FormButton"
        onClick={[Function]}
        type="button"
      >
        THIS FABRIC HAS ADDITIONAL FIBERS
      </button>
    </form>
    <div />
  </section>
  <footer
    className="NPFFooter"
  >
    <button
      className="NPFFooter_previous"
      onClick={[Function]}
      type="button"
    >
      <svg
        aria-hidden="true"
        className="svg-inline--fa fa-arrow-left fa-w-14 NPFFooter_arrow"
        data-icon="arrow-left"
        data-prefix="fas"
        focusable="false"
        role="img"
        style={Object {}}
        viewBox="0 0 448 512"
        xmlns="http://www.w3.org/2000/svg"
      >
        <path
          d="M257.5 445.1l-22.2 22.2c-9.4 9.4-24.6 9.4-33.9 0L7 273c-9.4-9.4-9.4-24.6 0-33.9L201.4 44.7c9.4-9.4 24.6-9.4 33.9 0l22.2 22.2c9.5 9.5 9.3 25-.4 34.3L136.6 216H424c13.3 0 24 10.7 24 24v32c0 13.3-10.7 24-24 24H136.6l120.5 114.8c9.8 9.3 10 24.8.4 34.3z"
          fill="currentColor"
          style={Object {}}
        />
      </svg>
      <span>
        PREVIOUS
      </span>
    </button>
    <button
      className="NPFFooter_next"
      onClick={[Function]}
      type="button"
    >
      <span>
        NEXT
      </span>
      <svg
        aria-hidden="true"
        className="svg-inline--fa fa-arrow-right fa-w-14 NPFFooter_arrow"
        data-icon="arrow-right"
        data-prefix="fas"
        focusable="false"
        role="img"
        style={Object {}}
        viewBox="0 0 448 512"
        xmlns="http://www.w3.org/2000/svg"
      >
        <path
          d="M190.5 66.9l22.2-22.2c9.4-9.4 24.6-9.4 33.9 0L441 239c9.4 9.4 9.4 24.6 0 33.9L246.6 467.3c-9.4 9.4-24.6 9.4-33.9 0l-22.2-22.2c-9.5-9.5-9.3-25 .4-34.3L311.4 296H24c-13.3 0-24-10.7-24-24v-32c0-13.3 10.7-24 24-24h287.4L190.9 101.2c-9.8-9.3-10-24.8-.4-34.3z"
          fill="currentColor"
          style={Object {}}
        />
      </svg>
    </button>
  </footer>
</div>
`;
