// Jest Snapshot v1, https://goo.gl/fbAQLP

exports[`FormTextInput render the UI as expected 1`] = `
<div
  className="FormTextInput"
>
  <label
    htmlFor={1}
  >
    
  </label>
  <input
    id={1}
    name=""
    onChange={[Function]}
    required={true}
    type="text"
    value={1}
  />
</div>
`;
