// Jest Snapshot v1, https://goo.gl/fbAQLP

exports[`ProductListPage renders the UI as expected 1`] = `
<section
  className="ProductListPage"
>
  <header>
    <h1>
      Dresses
    </h1>
  </header>
  <div
    className="FilterButtonSection"
  >
    <div
      className="FilterButtonSection__button-section"
    >
      <button>
        Filter
      </button>
      <button>
        Sort
      </button>
    </div>
    <ul
      className="FilterButtonSection__tag-section"
    />
  </div>
  <ul
    className="ProductListPage__product-list"
  />
</section>
`;
