// Jest Snapshot v1, https://goo.gl/fbAQLP

exports[`NPFManufacturing render the UI as expected 1`] = `
<div
  id="manufacturing"
>
  <section
    className="FormPage"
  >
    <h1>
      Manufacturing
    </h1>
    <form
      autoComplete="off"
      id="form-page"
    >
      <div
        className="FormPromptWithSub"
      >
        <p
          className="FormPromptWithSub__prompt"
        >
          Enter the manufacturing information provided on the product page.
        </p>
        <p
          className="FormPromptWithSub__subtitle"
        >
          If the product page does not provide factory names or locations, select "not disclosed" from the dropdown.
        </p>
      </div>
      <fieldset
        className="FormFieldset"
      >
        <h2>
          Sewing factory
        </h2>
        <div
          className="FormDropdown"
        >
          <label
            htmlFor="sewing-location"
          >
            Location
          </label>
          
          <select
            name="countryId"
            onChange={[Function]}
            required={true}
            value=""
          />
        </div>
        <div
          className="FormDropdown"
        >
          <label
            htmlFor="sewing-factory"
          >
            Factory
          </label>
          
          <select
            name="factoryId"
            onChange={[Function]}
            required={true}
            value=""
          >
            <option
              id={0}
              value={0}
            >
              Select a factory
            </option>
            <option
              id={1}
              value={1}
            >
              Not disclosed
            </option>
          </select>
        </div>
        <div
          className="FormPromptWithSub"
        >
          <p
            className="FormPromptWithSub__prompt"
          >
            Factory not listed above?
          </p>
          <p
            className="FormPromptWithSub__subtitle"
          >
            
          </p>
        </div>
        <button
          className="FormButton"
          onClick={[Function]}
          type="button"
        >
          Add a factory
        </button>
      </fieldset>
      <fieldset
        className="FormFieldset"
      >
        <h2>
          Cutting factory
        </h2>
        <div
          className="FormDropdown"
        >
          <label
            htmlFor="cutting-location"
          >
            Location
          </label>
          
          <select
            name="countryId"
            onChange={[Function]}
            required={true}
            value=""
          />
        </div>
        <div
          className="FormDropdown"
        >
          <label
            htmlFor="cutting-factory"
          >
            Factory
          </label>
          
          <select
            name="factoryId"
            onChange={[Function]}
            required={true}
            value=""
          >
            <option
              id={0}
              value={0}
            >
              Select a factory
            </option>
            <option
              id={1}
              value={1}
            >
              Not disclosed
            </option>
          </select>
        </div>
        <div
          className="FormPromptWithSub"
        >
          <p
            className="FormPromptWithSub__prompt"
          >
            Factory not listed above?
          </p>
          <p
            className="FormPromptWithSub__subtitle"
          >
            
          </p>
        </div>
        <button
          className="FormButton"
          onClick={[Function]}
          type="button"
        >
          Add a factory
        </button>
      </fieldset>
      <fieldset
        className="FormFieldset"
      >
        <h2>
          Does the product have any of the following certifications?
        </h2>
        <div
          className="FormCheckboxSection"
        >
          <div
            className="empty"
          />
          <div
            className="FormCheckboxSection__options-container"
          />
        </div>
        <div
          className="FormPromptWithSub"
        >
          <p
            className="FormPromptWithSub__prompt"
          >
            Certification not listed above?
          </p>
          <p
            className="FormPromptWithSub__subtitle"
          >
            
          </p>
        </div>
        <button
          className="FormButton"
          onClick={[Function]}
          type="button"
        >
          Add a certification
        </button>
      </fieldset>
      <fieldset
        className="FormFieldset"
      >
        <div />
        <div
          className="FormTextarea"
        >
          <label
            htmlFor="additional-notes"
          >
            Are there any additional notes about how the product was cut, sewn, or finished?
          </label>
          <textarea
            id="additional-notes"
            name="cmtNotes"
            onChange={[Function]}
            required={true}
            rows="1"
            value=""
          />
        </div>
      </fieldset>
    </form>
    <div>
      
    </div>
  </section>
  <footer
    className="NPFFooter"
  >
    <button
      className="NPFFooter__previous"
      onClick={[Function]}
      type="button"
    >
      <svg
        aria-hidden="true"
        className="svg-inline--fa fa-angle-left NPFFooter__left-arrow"
        data-icon="angle-left"
        data-prefix="fas"
        focusable="false"
        role="img"
        style={Object {}}
        viewBox="0 0 320 512"
        xmlns="http://www.w3.org/2000/svg"
      >
        <path
          d="M41.4 233.4c-12.5 12.5-12.5 32.8 0 45.3l160 160c12.5 12.5 32.8 12.5 45.3 0s12.5-32.8 0-45.3L109.3 256 246.6 118.6c12.5-12.5 12.5-32.8 0-45.3s-32.8-12.5-45.3 0l-160 160z"
          fill="currentColor"
          style={Object {}}
        />
      </svg>
      <span>
        PREVIOUS
      </span>
    </button>
    <button
      className="NPFFooter__next"
      onClick={[Function]}
      type="button"
    >
      <span>
        NEXT
      </span>
      <svg
        aria-hidden="true"
        className="svg-inline--fa fa-angle-right NPFFooter__right-arrow"
        data-icon="angle-right"
        data-prefix="fas"
        focusable="false"
        role="img"
        style={Object {}}
        viewBox="0 0 320 512"
        xmlns="http://www.w3.org/2000/svg"
      >
        <path
          d="M278.6 233.4c12.5 12.5 12.5 32.8 0 45.3l-160 160c-12.5 12.5-32.8 12.5-45.3 0s-12.5-32.8 0-45.3L210.7 256 73.4 118.6c-12.5-12.5-12.5-32.8 0-45.3s32.8-12.5 45.3 0l160 160z"
          fill="currentColor"
          style={Object {}}
        />
      </svg>
    </button>
  </footer>
  <section
    className="FormPopUp"
    id="addSewFact"
  >
    <button
      className="FormPopUp__close-button"
      onClick={[Function]}
      type="button"
    >
      <svg
        aria-hidden="true"
        className="svg-inline--fa fa-xmark fa-lg "
        data-icon="xmark"
        data-prefix="fas"
        focusable="false"
        role="img"
        style={Object {}}
        viewBox="0 0 384 512"
        xmlns="http://www.w3.org/2000/svg"
      >
        <path
          d="M342.6 150.6c12.5-12.5 12.5-32.8 0-45.3s-32.8-12.5-45.3 0L192 210.7 86.6 105.4c-12.5-12.5-32.8-12.5-45.3 0s-12.5 32.8 0 45.3L146.7 256 41.4 361.4c-12.5 12.5-12.5 32.8 0 45.3s32.8 12.5 45.3 0L192 301.3 297.4 406.6c12.5 12.5 32.8 12.5 45.3 0s12.5-32.8 0-45.3L237.3 256 342.6 150.6z"
          fill="currentColor"
          style={Object {}}
        />
      </svg>
    </button>
    <header>
      <h1>
        New Factory
      </h1>
    </header>
    <div
      className="FormPromptWithSub"
    >
      <p
        className="FormPromptWithSub__prompt"
      >
        Add a factory
      </p>
      <p
        className="FormPromptWithSub__subtitle"
      >
        Include the factory website if it is provided on the product page.  Copy and paste all available information about the factory in the 'notes' field
      </p>
    </div>
    <div
      className="FormTextInput"
    >
      <label
        htmlFor="sew-factory-name"
      >
        Factory name
      </label>
      <input
        id="sew-factory-name"
        name="name"
        onChange={[Function]}
        required={true}
        type="text"
        value=""
      />
    </div>
    <div
      className="FormDropdown"
    >
      <label
        htmlFor="sew-factory-location"
      >
        Factory location.  Select 'Not disclosed' if not included on the product page.
      </label>
      
      <select
        name="countryId"
        onChange={[Function]}
        required={true}
        value=""
      />
    </div>
    <div
      className="FormUrlInput"
    >
      <label
        htmlFor="sew-factory-website"
      >
        Factory website.  Leave blank if not included on the product page.
      </label>
      <input
        id="sew-factory-website"
        name="website"
        onChange={[Function]}
        required={true}
        type="url"
        value=""
      />
    </div>
    <div
      className="FormTextarea"
    >
      <label
        htmlFor="sew-factory-notes"
      >
        Are there any additional notes about the sewing factory provided on the product page?  If so, copy them and paste them here.
      </label>
      <textarea
        id="sew-factory-notes"
        name="sewNotes"
        onChange={[Function]}
        required={true}
        rows="1"
        value=""
      />
    </div>
    <button
      className="FormButton"
      onClick={[Function]}
      type="submit"
    >
      SUBMIT FACTORY
    </button>
  </section>
  <section
    className="FormPopUp"
    id="addCutFact"
  >
    <button
      className="FormPopUp__close-button"
      onClick={[Function]}
      type="button"
    >
      <svg
        aria-hidden="true"
        className="svg-inline--fa fa-xmark fa-lg "
        data-icon="xmark"
        data-prefix="fas"
        focusable="false"
        role="img"
        style={Object {}}
        viewBox="0 0 384 512"
        xmlns="http://www.w3.org/2000/svg"
      >
        <path
          d="M342.6 150.6c12.5-12.5 12.5-32.8 0-45.3s-32.8-12.5-45.3 0L192 210.7 86.6 105.4c-12.5-12.5-32.8-12.5-45.3 0s-12.5 32.8 0 45.3L146.7 256 41.4 361.4c-12.5 12.5-12.5 32.8 0 45.3s32.8 12.5 45.3 0L192 301.3 297.4 406.6c12.5 12.5 32.8 12.5 45.3 0s12.5-32.8 0-45.3L237.3 256 342.6 150.6z"
          fill="currentColor"
          style={Object {}}
        />
      </svg>
    </button>
    <header>
      <h1>
        New Factory
      </h1>
    </header>
    <div
      className="FormPromptWithSub"
    >
      <p
        className="FormPromptWithSub__prompt"
      >
        Add a factory
      </p>
      <p
        className="FormPromptWithSub__subtitle"
      >
        Include the factory website if it is provided on the product page.
      </p>
    </div>
    <div
      className="FormTextInput"
    >
      <label
        htmlFor="cut-factory-name"
      >
        Factory name
      </label>
      <input
        id="cut-factory-name"
        name="name"
        onChange={[Function]}
        required={true}
        type="text"
        value=""
      />
    </div>
    <div
      className="FormDropdown"
    >
      <label
        htmlFor="cut-factory-location"
      >
        Factory location.  Select 'Not disclosed' if not included on the product page.
      </label>
      
      <select
        name="countryId"
        onChange={[Function]}
        required={true}
        value=""
      />
    </div>
    <div
      className="FormUrlInput"
    >
      <label
        htmlFor="cut-factory-website"
      >
        Factory website.  Leave blank if not included on the product page.
      </label>
      <input
        id="cut-factory-website"
        name="website"
        onChange={[Function]}
        required={true}
        type="url"
        value=""
      />
    </div>
    <div
      className="FormTextarea"
    >
      <label
        htmlFor="cut-factory-notes"
      >
        Are there any additional notes about the cutting factory provided on the product page?
      </label>
      <textarea
        id="cut-factory-notes"
        name="cutNotes"
        onChange={[Function]}
        required={true}
        rows="1"
        value=""
      />
    </div>
    <button
      className="FormButton"
      onClick={[Function]}
      type="submit"
    >
      SUBMIT FACTORY
    </button>
  </section>
  <section
    className="FormPopUp"
    id="cert-pop-up"
  >
    <button
      className="FormPopUp__close-button"
      onClick={[Function]}
      type="button"
    >
      <svg
        aria-hidden="true"
        className="svg-inline--fa fa-xmark fa-lg "
        data-icon="xmark"
        data-prefix="fas"
        focusable="false"
        role="img"
        style={Object {}}
        viewBox="0 0 384 512"
        xmlns="http://www.w3.org/2000/svg"
      >
        <path
          d="M342.6 150.6c12.5-12.5 12.5-32.8 0-45.3s-32.8-12.5-45.3 0L192 210.7 86.6 105.4c-12.5-12.5-32.8-12.5-45.3 0s-12.5 32.8 0 45.3L146.7 256 41.4 361.4c-12.5 12.5-12.5 32.8 0 45.3s32.8 12.5 45.3 0L192 301.3 297.4 406.6c12.5 12.5 32.8 12.5 45.3 0s12.5-32.8 0-45.3L237.3 256 342.6 150.6z"
          fill="currentColor"
          style={Object {}}
        />
      </svg>
    </button>
    <header>
      <h1>
        New Certification
      </h1>
    </header>
    <div
      className="FormPromptWithSub"
    >
      <p
        className="FormPromptWithSub__prompt"
      >
        Add a certification
      </p>
      <p
        className="FormPromptWithSub__subtitle"
      >
        
      </p>
    </div>
    <div
      className="FormTextInput"
    >
      <label
        htmlFor="man-cert-name"
      >
        Certification name
      </label>
      <input
        id="man-cert-name"
        name="name"
        onChange={[Function]}
        required={true}
        type="text"
        value={1}
      />
    </div>
    <div
      className="FormUrlInput"
    >
      <label
        htmlFor="man-cert-website"
      >
        Website.  Leave blank if not included on the product page.
      </label>
      <input
        id="man-cert-website"
        name="website"
        onChange={[Function]}
        required={true}
        type="url"
        value=""
      />
    </div>
    <button
      className="FormButton"
      onClick={[Function]}
      type="submit"
    >
      Create certification
    </button>
  </section>
</div>
`;
