// Jest Snapshot v1, https://goo.gl/fbAQLP

exports[`Category renders the UI as expected 1`] = `
<li
  className="Category"
>
  <a
    className="main-link"
    href="/category/1/dresses"
    onClick={[Function]}
  >
    <div
      className="Category__cropped"
    >
      <img
        alt="alternate text"
        src="https://media.sezane.com/image/upload/c_fill,d_placeholder_dark.png,fl_progressive:semi,h_816,q_auto:best,w_582/avhc13dzwkv0pzgbmf7g.jpg"
      />
    </div>
    <h2
      className="Category__title"
    >
      Dresses
    </h2>
  </a>
</li>
`;
