// Jest Snapshot v1, https://goo.gl/fbAQLP

exports[`FormTextarea renders the UI as expected 1`] = `
<div
  className="FormTextarea"
>
  <label
    htmlFor={1}
  >
    
  </label>
  <textarea
    id={1}
    name=""
    onChange={[Function]}
    required={true}
    rows="1"
    value={1}
  />
</div>
`;
