// Vitest Snapshot v1, https://vitest.dev/guide/snapshot.html

exports[`NPFSizes > renders the UI as expected 1`] = `
{
  "asFragment": [Function],
  "baseElement": <body>
    <div>
      <div
        class="NPFSizes"
      >
        <section
          class="FormPage"
        >
          <h1>
            Sizes
          </h1>
          <form
            autocomplete="off"
            id="form-page"
          >
            <div
              class="FormPromptWithSub"
            >
              <p
                class="FormPromptWithSub__prompt"
              >
                Select all size options available on this product page
              </p>
              <p
                class="FormPromptWithSub__subtitle"
              >
                Include sold out sizes
              </p>
            </div>
            <div
              class="FormCheckboxSection"
            >
              <p>
                Standard US sizing
              </p>
              <div
                class="FormCheckboxSection__options-container"
              >
                <div
                  class="FormCheckboxSection__option"
                >
                  <input
                    id="1"
                    name="1"
                    type="checkbox"
                  />
                  <label
                    for="1"
                  >
                    XXS
                  </label>
                </div>
                <div
                  class="FormCheckboxSection__option"
                >
                  <input
                    id="2"
                    name="2"
                    type="checkbox"
                  />
                  <label
                    for="2"
                  >
                    XS
                  </label>
                </div>
                <div
                  class="FormCheckboxSection__option"
                >
                  <input
                    id="3"
                    name="3"
                    type="checkbox"
                  />
                  <label
                    for="3"
                  >
                    S
                  </label>
                </div>
                <div
                  class="FormCheckboxSection__option"
                >
                  <input
                    id="4"
                    name="4"
                    type="checkbox"
                  />
                  <label
                    for="4"
                  >
                    M
                  </label>
                </div>
                <div
                  class="FormCheckboxSection__option"
                >
                  <input
                    id="5"
                    name="5"
                    type="checkbox"
                  />
                  <label
                    for="5"
                  >
                    L
                  </label>
                </div>
                <div
                  class="FormCheckboxSection__option"
                >
                  <input
                    id="6"
                    name="6"
                    type="checkbox"
                  />
                  <label
                    for="6"
                  >
                    XL
                  </label>
                </div>
                <div
                  class="FormCheckboxSection__option"
                >
                  <input
                    id="7"
                    name="7"
                    type="checkbox"
                  />
                  <label
                    for="7"
                  >
                    2X
                  </label>
                </div>
                <div
                  class="FormCheckboxSection__option"
                >
                  <input
                    id="8"
                    name="8"
                    type="checkbox"
                  />
                  <label
                    for="8"
                  >
                    3X
                  </label>
                </div>
                <div
                  class="FormCheckboxSection__option"
                >
                  <input
                    id="9"
                    name="9"
                    type="checkbox"
                  />
                  <label
                    for="9"
                  >
                    4X
                  </label>
                </div>
                <div
                  class="FormCheckboxSection__option"
                >
                  <input
                    id="26"
                    name="26"
                    type="checkbox"
                  />
                  <label
                    for="26"
                  >
                    00
                  </label>
                </div>
                <div
                  class="FormCheckboxSection__option"
                >
                  <input
                    id="27"
                    name="27"
                    type="checkbox"
                  />
                  <label
                    for="27"
                  >
                    0
                  </label>
                </div>
                <div
                  class="FormCheckboxSection__option"
                >
                  <input
                    id="28"
                    name="28"
                    type="checkbox"
                  />
                  <label
                    for="28"
                  >
                    2
                  </label>
                </div>
                <div
                  class="FormCheckboxSection__option"
                >
                  <input
                    id="29"
                    name="29"
                    type="checkbox"
                  />
                  <label
                    for="29"
                  >
                    4
                  </label>
                </div>
                <div
                  class="FormCheckboxSection__option"
                >
                  <input
                    id="30"
                    name="30"
                    type="checkbox"
                  />
                  <label
                    for="30"
                  >
                    6
                  </label>
                </div>
                <div
                  class="FormCheckboxSection__option"
                >
                  <input
                    id="31"
                    name="31"
                    type="checkbox"
                  />
                  <label
                    for="31"
                  >
                    8
                  </label>
                </div>
                <div
                  class="FormCheckboxSection__option"
                >
                  <input
                    id="32"
                    name="32"
                    type="checkbox"
                  />
                  <label
                    for="32"
                  >
                    10
                  </label>
                </div>
                <div
                  class="FormCheckboxSection__option"
                >
                  <input
                    id="33"
                    name="33"
                    type="checkbox"
                  />
                  <label
                    for="33"
                  >
                    12
                  </label>
                </div>
                <div
                  class="FormCheckboxSection__option"
                >
                  <input
                    id="34"
                    name="34"
                    type="checkbox"
                  />
                  <label
                    for="34"
                  >
                    14
                  </label>
                </div>
                <div
                  class="FormCheckboxSection__option"
                >
                  <input
                    id="35"
                    name="35"
                    type="checkbox"
                  />
                  <label
                    for="35"
                  >
                    16
                  </label>
                </div>
                <div
                  class="FormCheckboxSection__option"
                >
                  <input
                    id="36"
                    name="36"
                    type="checkbox"
                  />
                  <label
                    for="36"
                  >
                    18
                  </label>
                </div>
                <div
                  class="FormCheckboxSection__option"
                >
                  <input
                    id="37"
                    name="37"
                    type="checkbox"
                  />
                  <label
                    for="37"
                  >
                    20
                  </label>
                </div>
                <div
                  class="FormCheckboxSection__option"
                >
                  <input
                    id="38"
                    name="38"
                    type="checkbox"
                  />
                  <label
                    for="38"
                  >
                    22
                  </label>
                </div>
                <div
                  class="FormCheckboxSection__option"
                >
                  <input
                    id="39"
                    name="39"
                    type="checkbox"
                  />
                  <label
                    for="39"
                  >
                    24
                  </label>
                </div>
                <div
                  class="FormCheckboxSection__option"
                >
                  <input
                    id="40"
                    name="40"
                    type="checkbox"
                  />
                  <label
                    for="40"
                  >
                    26
                  </label>
                </div>
                <div
                  class="FormCheckboxSection__option"
                >
                  <input
                    id="41"
                    name="41"
                    type="checkbox"
                  />
                  <label
                    for="41"
                  >
                    28
                  </label>
                </div>
              </div>
            </div>
            <div
              class="FormCheckboxSection"
            >
              <p>
                Petite US sizing
              </p>
              <div
                class="FormCheckboxSection__options-container"
              >
                <div
                  class="FormCheckboxSection__option"
                >
                  <input
                    id="106"
                    name="106"
                    type="checkbox"
                  />
                  <label
                    for="106"
                  >
                    XXS
                  </label>
                </div>
                <div
                  class="FormCheckboxSection__option"
                >
                  <input
                    id="107"
                    name="107"
                    type="checkbox"
                  />
                  <label
                    for="107"
                  >
                    XS
                  </label>
                </div>
                <div
                  class="FormCheckboxSection__option"
                >
                  <input
                    id="108"
                    name="108"
                    type="checkbox"
                  />
                  <label
                    for="108"
                  >
                    S
                  </label>
                </div>
                <div
                  class="FormCheckboxSection__option"
                >
                  <input
                    id="109"
                    name="109"
                    type="checkbox"
                  />
                  <label
                    for="109"
                  >
                    M
                  </label>
                </div>
                <div
                  class="FormCheckboxSection__option"
                >
                  <input
                    id="110"
                    name="110"
                    type="checkbox"
                  />
                  <label
                    for="110"
                  >
                    L
                  </label>
                </div>
                <div
                  class="FormCheckboxSection__option"
                >
                  <input
                    id="111"
                    name="111"
                    type="checkbox"
                  />
                  <label
                    for="111"
                  >
                    XL
                  </label>
                </div>
                <div
                  class="FormCheckboxSection__option"
                >
                  <input
                    id="112"
                    name="112"
                    type="checkbox"
                  />
                  <label
                    for="112"
                  >
                    2X
                  </label>
                </div>
                <div
                  class="FormCheckboxSection__option"
                >
                  <input
                    id="113"
                    name="113"
                    type="checkbox"
                  />
                  <label
                    for="113"
                  >
                    3X
                  </label>
                </div>
                <div
                  class="FormCheckboxSection__option"
                >
                  <input
                    id="114"
                    name="114"
                    type="checkbox"
                  />
                  <label
                    for="114"
                  >
                    4X
                  </label>
                </div>
                <div
                  class="FormCheckboxSection__option"
                >
                  <input
                    id="131"
                    name="131"
                    type="checkbox"
                  />
                  <label
                    for="131"
                  >
                    00
                  </label>
                </div>
                <div
                  class="FormCheckboxSection__option"
                >
                  <input
                    id="132"
                    name="132"
                    type="checkbox"
                  />
                  <label
                    for="132"
                  >
                    0
                  </label>
                </div>
                <div
                  class="FormCheckboxSection__option"
                >
                  <input
                    id="133"
                    name="133"
                    type="checkbox"
                  />
                  <label
                    for="133"
                  >
                    2
                  </label>
                </div>
                <div
                  class="FormCheckboxSection__option"
                >
                  <input
                    id="134"
                    name="134"
                    type="checkbox"
                  />
                  <label
                    for="134"
                  >
                    4
                  </label>
                </div>
                <div
                  class="FormCheckboxSection__option"
                >
                  <input
                    id="135"
                    name="135"
                    type="checkbox"
                  />
                  <label
                    for="135"
                  >
                    6
                  </label>
                </div>
                <div
                  class="FormCheckboxSection__option"
                >
                  <input
                    id="136"
                    name="136"
                    type="checkbox"
                  />
                  <label
                    for="136"
                  >
                    8
                  </label>
                </div>
                <div
                  class="FormCheckboxSection__option"
                >
                  <input
                    id="137"
                    name="137"
                    type="checkbox"
                  />
                  <label
                    for="137"
                  >
                    10
                  </label>
                </div>
                <div
                  class="FormCheckboxSection__option"
                >
                  <input
                    id="138"
                    name="138"
                    type="checkbox"
                  />
                  <label
                    for="138"
                  >
                    12
                  </label>
                </div>
                <div
                  class="FormCheckboxSection__option"
                >
                  <input
                    id="139"
                    name="139"
                    type="checkbox"
                  />
                  <label
                    for="139"
                  >
                    14
                  </label>
                </div>
                <div
                  class="FormCheckboxSection__option"
                >
                  <input
                    id="140"
                    name="140"
                    type="checkbox"
                  />
                  <label
                    for="140"
                  >
                    16
                  </label>
                </div>
                <div
                  class="FormCheckboxSection__option"
                >
                  <input
                    id="141"
                    name="141"
                    type="checkbox"
                  />
                  <label
                    for="141"
                  >
                    18
                  </label>
                </div>
                <div
                  class="FormCheckboxSection__option"
                >
                  <input
                    id="142"
                    name="142"
                    type="checkbox"
                  />
                  <label
                    for="142"
                  >
                    20
                  </label>
                </div>
                <div
                  class="FormCheckboxSection__option"
                >
                  <input
                    id="143"
                    name="143"
                    type="checkbox"
                  />
                  <label
                    for="143"
                  >
                    22
                  </label>
                </div>
                <div
                  class="FormCheckboxSection__option"
                >
                  <input
                    id="144"
                    name="144"
                    type="checkbox"
                  />
                  <label
                    for="144"
                  >
                    24
                  </label>
                </div>
                <div
                  class="FormCheckboxSection__option"
                >
                  <input
                    id="145"
                    name="145"
                    type="checkbox"
                  />
                  <label
                    for="145"
                  >
                    26
                  </label>
                </div>
                <div
                  class="FormCheckboxSection__option"
                >
                  <input
                    id="146"
                    name="146"
                    type="checkbox"
                  />
                  <label
                    for="146"
                  >
                    28
                  </label>
                </div>
              </div>
            </div>
            <div
              class="FormCheckboxSection"
            >
              <p>
                Tall US sizing
              </p>
              <div
                class="FormCheckboxSection__options-container"
              >
                <div
                  class="FormCheckboxSection__option"
                >
                  <input
                    id="211"
                    name="211"
                    type="checkbox"
                  />
                  <label
                    for="211"
                  >
                    XXS
                  </label>
                </div>
                <div
                  class="FormCheckboxSection__option"
                >
                  <input
                    id="212"
                    name="212"
                    type="checkbox"
                  />
                  <label
                    for="212"
                  >
                    XS
                  </label>
                </div>
                <div
                  class="FormCheckboxSection__option"
                >
                  <input
                    id="213"
                    name="213"
                    type="checkbox"
                  />
                  <label
                    for="213"
                  >
                    S
                  </label>
                </div>
                <div
                  class="FormCheckboxSection__option"
                >
                  <input
                    id="214"
                    name="214"
                    type="checkbox"
                  />
                  <label
                    for="214"
                  >
                    M
                  </label>
                </div>
                <div
                  class="FormCheckboxSection__option"
                >
                  <input
                    id="215"
                    name="215"
                    type="checkbox"
                  />
                  <label
                    for="215"
                  >
                    L
                  </label>
                </div>
                <div
                  class="FormCheckboxSection__option"
                >
                  <input
                    id="216"
                    name="216"
                    type="checkbox"
                  />
                  <label
                    for="216"
                  >
                    XL
                  </label>
                </div>
                <div
                  class="FormCheckboxSection__option"
                >
                  <input
                    id="217"
                    name="217"
                    type="checkbox"
                  />
                  <label
                    for="217"
                  >
                    2X
                  </label>
                </div>
                <div
                  class="FormCheckboxSection__option"
                >
                  <input
                    id="218"
                    name="218"
                    type="checkbox"
                  />
                  <label
                    for="218"
                  >
                    3X
                  </label>
                </div>
                <div
                  class="FormCheckboxSection__option"
                >
                  <input
                    id="219"
                    name="219"
                    type="checkbox"
                  />
                  <label
                    for="219"
                  >
                    4X
                  </label>
                </div>
                <div
                  class="FormCheckboxSection__option"
                >
                  <input
                    id="236"
                    name="236"
                    type="checkbox"
                  />
                  <label
                    for="236"
                  >
                    00
                  </label>
                </div>
                <div
                  class="FormCheckboxSection__option"
                >
                  <input
                    id="237"
                    name="237"
                    type="checkbox"
                  />
                  <label
                    for="237"
                  >
                    0
                  </label>
                </div>
                <div
                  class="FormCheckboxSection__option"
                >
                  <input
                    id="238"
                    name="238"
                    type="checkbox"
                  />
                  <label
                    for="238"
                  >
                    2
                  </label>
                </div>
                <div
                  class="FormCheckboxSection__option"
                >
                  <input
                    id="239"
                    name="239"
                    type="checkbox"
                  />
                  <label
                    for="239"
                  >
                    4
                  </label>
                </div>
                <div
                  class="FormCheckboxSection__option"
                >
                  <input
                    id="240"
                    name="240"
                    type="checkbox"
                  />
                  <label
                    for="240"
                  >
                    6
                  </label>
                </div>
                <div
                  class="FormCheckboxSection__option"
                >
                  <input
                    id="241"
                    name="241"
                    type="checkbox"
                  />
                  <label
                    for="241"
                  >
                    8
                  </label>
                </div>
                <div
                  class="FormCheckboxSection__option"
                >
                  <input
                    id="242"
                    name="242"
                    type="checkbox"
                  />
                  <label
                    for="242"
                  >
                    10
                  </label>
                </div>
                <div
                  class="FormCheckboxSection__option"
                >
                  <input
                    id="243"
                    name="243"
                    type="checkbox"
                  />
                  <label
                    for="243"
                  >
                    12
                  </label>
                </div>
                <div
                  class="FormCheckboxSection__option"
                >
                  <input
                    id="244"
                    name="244"
                    type="checkbox"
                  />
                  <label
                    for="244"
                  >
                    14
                  </label>
                </div>
                <div
                  class="FormCheckboxSection__option"
                >
                  <input
                    id="245"
                    name="245"
                    type="checkbox"
                  />
                  <label
                    for="245"
                  >
                    16
                  </label>
                </div>
                <div
                  class="FormCheckboxSection__option"
                >
                  <input
                    id="246"
                    name="246"
                    type="checkbox"
                  />
                  <label
                    for="246"
                  >
                    18
                  </label>
                </div>
                <div
                  class="FormCheckboxSection__option"
                >
                  <input
                    id="247"
                    name="247"
                    type="checkbox"
                  />
                  <label
                    for="247"
                  >
                    20
                  </label>
                </div>
                <div
                  class="FormCheckboxSection__option"
                >
                  <input
                    id="248"
                    name="248"
                    type="checkbox"
                  />
                  <label
                    for="248"
                  >
                    22
                  </label>
                </div>
                <div
                  class="FormCheckboxSection__option"
                >
                  <input
                    id="249"
                    name="249"
                    type="checkbox"
                  />
                  <label
                    for="249"
                  >
                    24
                  </label>
                </div>
                <div
                  class="FormCheckboxSection__option"
                >
                  <input
                    id="250"
                    name="250"
                    type="checkbox"
                  />
                  <label
                    for="250"
                  >
                    26
                  </label>
                </div>
                <div
                  class="FormCheckboxSection__option"
                >
                  <input
                    id="251"
                    name="251"
                    type="checkbox"
                  />
                  <label
                    for="251"
                  >
                    28
                  </label>
                </div>
              </div>
            </div>
            <div
              class="FormCheckboxSection"
            >
              <p>
                Maternity US sizing
              </p>
              <div
                class="FormCheckboxSection__options-container"
              >
                <div
                  class="FormCheckboxSection__option"
                >
                  <input
                    id="316"
                    name="316"
                    type="checkbox"
                  />
                  <label
                    for="316"
                  >
                    XXS
                  </label>
                </div>
                <div
                  class="FormCheckboxSection__option"
                >
                  <input
                    id="317"
                    name="317"
                    type="checkbox"
                  />
                  <label
                    for="317"
                  >
                    XS
                  </label>
                </div>
                <div
                  class="FormCheckboxSection__option"
                >
                  <input
                    id="318"
                    name="318"
                    type="checkbox"
                  />
                  <label
                    for="318"
                  >
                    S
                  </label>
                </div>
                <div
                  class="FormCheckboxSection__option"
                >
                  <input
                    id="319"
                    name="319"
                    type="checkbox"
                  />
                  <label
                    for="319"
                  >
                    M
                  </label>
                </div>
                <div
                  class="FormCheckboxSection__option"
                >
                  <input
                    id="320"
                    name="320"
                    type="checkbox"
                  />
                  <label
                    for="320"
                  >
                    L
                  </label>
                </div>
                <div
                  class="FormCheckboxSection__option"
                >
                  <input
                    id="321"
                    name="321"
                    type="checkbox"
                  />
                  <label
                    for="321"
                  >
                    XL
                  </label>
                </div>
                <div
                  class="FormCheckboxSection__option"
                >
                  <input
                    id="322"
                    name="322"
                    type="checkbox"
                  />
                  <label
                    for="322"
                  >
                    2X
                  </label>
                </div>
                <div
                  class="FormCheckboxSection__option"
                >
                  <input
                    id="323"
                    name="323"
                    type="checkbox"
                  />
                  <label
                    for="323"
                  >
                    3X
                  </label>
                </div>
                <div
                  class="FormCheckboxSection__option"
                >
                  <input
                    id="324"
                    name="324"
                    type="checkbox"
                  />
                  <label
                    for="324"
                  >
                    4X
                  </label>
                </div>
                <div
                  class="FormCheckboxSection__option"
                >
                  <input
                    id="341"
                    name="341"
                    type="checkbox"
                  />
                  <label
                    for="341"
                  >
                    00
                  </label>
                </div>
                <div
                  class="FormCheckboxSection__option"
                >
                  <input
                    id="342"
                    name="342"
                    type="checkbox"
                  />
                  <label
                    for="342"
                  >
                    0
                  </label>
                </div>
                <div
                  class="FormCheckboxSection__option"
                >
                  <input
                    id="343"
                    name="343"
                    type="checkbox"
                  />
                  <label
                    for="343"
                  >
                    2
                  </label>
                </div>
                <div
                  class="FormCheckboxSection__option"
                >
                  <input
                    id="344"
                    name="344"
                    type="checkbox"
                  />
                  <label
                    for="344"
                  >
                    4
                  </label>
                </div>
                <div
                  class="FormCheckboxSection__option"
                >
                  <input
                    id="345"
                    name="345"
                    type="checkbox"
                  />
                  <label
                    for="345"
                  >
                    6
                  </label>
                </div>
                <div
                  class="FormCheckboxSection__option"
                >
                  <input
                    id="346"
                    name="346"
                    type="checkbox"
                  />
                  <label
                    for="346"
                  >
                    8
                  </label>
                </div>
                <div
                  class="FormCheckboxSection__option"
                >
                  <input
                    id="347"
                    name="347"
                    type="checkbox"
                  />
                  <label
                    for="347"
                  >
                    10
                  </label>
                </div>
                <div
                  class="FormCheckboxSection__option"
                >
                  <input
                    id="348"
                    name="348"
                    type="checkbox"
                  />
                  <label
                    for="348"
                  >
                    12
                  </label>
                </div>
                <div
                  class="FormCheckboxSection__option"
                >
                  <input
                    id="349"
                    name="349"
                    type="checkbox"
                  />
                  <label
                    for="349"
                  >
                    14
                  </label>
                </div>
                <div
                  class="FormCheckboxSection__option"
                >
                  <input
                    id="350"
                    name="350"
                    type="checkbox"
                  />
                  <label
                    for="350"
                  >
                    16
                  </label>
                </div>
                <div
                  class="FormCheckboxSection__option"
                >
                  <input
                    id="351"
                    name="351"
                    type="checkbox"
                  />
                  <label
                    for="351"
                  >
                    18
                  </label>
                </div>
                <div
                  class="FormCheckboxSection__option"
                >
                  <input
                    id="352"
                    name="352"
                    type="checkbox"
                  />
                  <label
                    for="352"
                  >
                    20
                  </label>
                </div>
                <div
                  class="FormCheckboxSection__option"
                >
                  <input
                    id="353"
                    name="353"
                    type="checkbox"
                  />
                  <label
                    for="353"
                  >
                    22
                  </label>
                </div>
                <div
                  class="FormCheckboxSection__option"
                >
                  <input
                    id="354"
                    name="354"
                    type="checkbox"
                  />
                  <label
                    for="354"
                  >
                    24
                  </label>
                </div>
                <div
                  class="FormCheckboxSection__option"
                >
                  <input
                    id="355"
                    name="355"
                    type="checkbox"
                  />
                  <label
                    for="355"
                  >
                    26
                  </label>
                </div>
                <div
                  class="FormCheckboxSection__option"
                >
                  <input
                    id="356"
                    name="356"
                    type="checkbox"
                  />
                  <label
                    for="356"
                  >
                    28
                  </label>
                </div>
              </div>
            </div>
          </form>
          <div />
        </section>
        <footer
          class="NPFFooter"
        >
          <button
            class="NPFFooter__previous"
            type="button"
          >
            <svg
              aria-hidden="true"
              class="svg-inline--fa fa-angle-left NPFFooter__left-arrow"
              data-icon="angle-left"
              data-prefix="fas"
              focusable="false"
              role="img"
              viewBox="0 0 320 512"
              xmlns="http://www.w3.org/2000/svg"
            >
              <path
                d="M41.4 233.4c-12.5 12.5-12.5 32.8 0 45.3l160 160c12.5 12.5 32.8 12.5 45.3 0s12.5-32.8 0-45.3L109.3 256 246.6 118.6c12.5-12.5 12.5-32.8 0-45.3s-32.8-12.5-45.3 0l-160 160z"
                fill="currentColor"
              />
            </svg>
            <span>
              PREVIOUS
            </span>
          </button>
          <button
            class="NPFFooter__next"
            type="button"
          >
            <span>
              NEXT
            </span>
            <svg
              aria-hidden="true"
              class="svg-inline--fa fa-angle-right NPFFooter__right-arrow"
              data-icon="angle-right"
              data-prefix="fas"
              focusable="false"
              role="img"
              viewBox="0 0 320 512"
              xmlns="http://www.w3.org/2000/svg"
            >
              <path
                d="M278.6 233.4c12.5 12.5 12.5 32.8 0 45.3l-160 160c-12.5 12.5-32.8 12.5-45.3 0s-12.5-32.8 0-45.3L210.7 256 73.4 118.6c-12.5-12.5-12.5-32.8 0-45.3s32.8-12.5 45.3 0l160 160z"
                fill="currentColor"
              />
            </svg>
          </button>
        </footer>
      </div>
    </div>
  </body>,
  "container": <div>
    <div
      class="NPFSizes"
    >
      <section
        class="FormPage"
      >
        <h1>
          Sizes
        </h1>
        <form
          autocomplete="off"
          id="form-page"
        >
          <div
            class="FormPromptWithSub"
          >
            <p
              class="FormPromptWithSub__prompt"
            >
              Select all size options available on this product page
            </p>
            <p
              class="FormPromptWithSub__subtitle"
            >
              Include sold out sizes
            </p>
          </div>
          <div
            class="FormCheckboxSection"
          >
            <p>
              Standard US sizing
            </p>
            <div
              class="FormCheckboxSection__options-container"
            >
              <div
                class="FormCheckboxSection__option"
              >
                <input
                  id="1"
                  name="1"
                  type="checkbox"
                />
                <label
                  for="1"
                >
                  XXS
                </label>
              </div>
              <div
                class="FormCheckboxSection__option"
              >
                <input
                  id="2"
                  name="2"
                  type="checkbox"
                />
                <label
                  for="2"
                >
                  XS
                </label>
              </div>
              <div
                class="FormCheckboxSection__option"
              >
                <input
                  id="3"
                  name="3"
                  type="checkbox"
                />
                <label
                  for="3"
                >
                  S
                </label>
              </div>
              <div
                class="FormCheckboxSection__option"
              >
                <input
                  id="4"
                  name="4"
                  type="checkbox"
                />
                <label
                  for="4"
                >
                  M
                </label>
              </div>
              <div
                class="FormCheckboxSection__option"
              >
                <input
                  id="5"
                  name="5"
                  type="checkbox"
                />
                <label
                  for="5"
                >
                  L
                </label>
              </div>
              <div
                class="FormCheckboxSection__option"
              >
                <input
                  id="6"
                  name="6"
                  type="checkbox"
                />
                <label
                  for="6"
                >
                  XL
                </label>
              </div>
              <div
                class="FormCheckboxSection__option"
              >
                <input
                  id="7"
                  name="7"
                  type="checkbox"
                />
                <label
                  for="7"
                >
                  2X
                </label>
              </div>
              <div
                class="FormCheckboxSection__option"
              >
                <input
                  id="8"
                  name="8"
                  type="checkbox"
                />
                <label
                  for="8"
                >
                  3X
                </label>
              </div>
              <div
                class="FormCheckboxSection__option"
              >
                <input
                  id="9"
                  name="9"
                  type="checkbox"
                />
                <label
                  for="9"
                >
                  4X
                </label>
              </div>
              <div
                class="FormCheckboxSection__option"
              >
                <input
                  id="26"
                  name="26"
                  type="checkbox"
                />
                <label
                  for="26"
                >
                  00
                </label>
              </div>
              <div
                class="FormCheckboxSection__option"
              >
                <input
                  id="27"
                  name="27"
                  type="checkbox"
                />
                <label
                  for="27"
                >
                  0
                </label>
              </div>
              <div
                class="FormCheckboxSection__option"
              >
                <input
                  id="28"
                  name="28"
                  type="checkbox"
                />
                <label
                  for="28"
                >
                  2
                </label>
              </div>
              <div
                class="FormCheckboxSection__option"
              >
                <input
                  id="29"
                  name="29"
                  type="checkbox"
                />
                <label
                  for="29"
                >
                  4
                </label>
              </div>
              <div
                class="FormCheckboxSection__option"
              >
                <input
                  id="30"
                  name="30"
                  type="checkbox"
                />
                <label
                  for="30"
                >
                  6
                </label>
              </div>
              <div
                class="FormCheckboxSection__option"
              >
                <input
                  id="31"
                  name="31"
                  type="checkbox"
                />
                <label
                  for="31"
                >
                  8
                </label>
              </div>
              <div
                class="FormCheckboxSection__option"
              >
                <input
                  id="32"
                  name="32"
                  type="checkbox"
                />
                <label
                  for="32"
                >
                  10
                </label>
              </div>
              <div
                class="FormCheckboxSection__option"
              >
                <input
                  id="33"
                  name="33"
                  type="checkbox"
                />
                <label
                  for="33"
                >
                  12
                </label>
              </div>
              <div
                class="FormCheckboxSection__option"
              >
                <input
                  id="34"
                  name="34"
                  type="checkbox"
                />
                <label
                  for="34"
                >
                  14
                </label>
              </div>
              <div
                class="FormCheckboxSection__option"
              >
                <input
                  id="35"
                  name="35"
                  type="checkbox"
                />
                <label
                  for="35"
                >
                  16
                </label>
              </div>
              <div
                class="FormCheckboxSection__option"
              >
                <input
                  id="36"
                  name="36"
                  type="checkbox"
                />
                <label
                  for="36"
                >
                  18
                </label>
              </div>
              <div
                class="FormCheckboxSection__option"
              >
                <input
                  id="37"
                  name="37"
                  type="checkbox"
                />
                <label
                  for="37"
                >
                  20
                </label>
              </div>
              <div
                class="FormCheckboxSection__option"
              >
                <input
                  id="38"
                  name="38"
                  type="checkbox"
                />
                <label
                  for="38"
                >
                  22
                </label>
              </div>
              <div
                class="FormCheckboxSection__option"
              >
                <input
                  id="39"
                  name="39"
                  type="checkbox"
                />
                <label
                  for="39"
                >
                  24
                </label>
              </div>
              <div
                class="FormCheckboxSection__option"
              >
                <input
                  id="40"
                  name="40"
                  type="checkbox"
                />
                <label
                  for="40"
                >
                  26
                </label>
              </div>
              <div
                class="FormCheckboxSection__option"
              >
                <input
                  id="41"
                  name="41"
                  type="checkbox"
                />
                <label
                  for="41"
                >
                  28
                </label>
              </div>
            </div>
          </div>
          <div
            class="FormCheckboxSection"
          >
            <p>
              Petite US sizing
            </p>
            <div
              class="FormCheckboxSection__options-container"
            >
              <div
                class="FormCheckboxSection__option"
              >
                <input
                  id="106"
                  name="106"
                  type="checkbox"
                />
                <label
                  for="106"
                >
                  XXS
                </label>
              </div>
              <div
                class="FormCheckboxSection__option"
              >
                <input
                  id="107"
                  name="107"
                  type="checkbox"
                />
                <label
                  for="107"
                >
                  XS
                </label>
              </div>
              <div
                class="FormCheckboxSection__option"
              >
                <input
                  id="108"
                  name="108"
                  type="checkbox"
                />
                <label
                  for="108"
                >
                  S
                </label>
              </div>
              <div
                class="FormCheckboxSection__option"
              >
                <input
                  id="109"
                  name="109"
                  type="checkbox"
                />
                <label
                  for="109"
                >
                  M
                </label>
              </div>
              <div
                class="FormCheckboxSection__option"
              >
                <input
                  id="110"
                  name="110"
                  type="checkbox"
                />
                <label
                  for="110"
                >
                  L
                </label>
              </div>
              <div
                class="FormCheckboxSection__option"
              >
                <input
                  id="111"
                  name="111"
                  type="checkbox"
                />
                <label
                  for="111"
                >
                  XL
                </label>
              </div>
              <div
                class="FormCheckboxSection__option"
              >
                <input
                  id="112"
                  name="112"
                  type="checkbox"
                />
                <label
                  for="112"
                >
                  2X
                </label>
              </div>
              <div
                class="FormCheckboxSection__option"
              >
                <input
                  id="113"
                  name="113"
                  type="checkbox"
                />
                <label
                  for="113"
                >
                  3X
                </label>
              </div>
              <div
                class="FormCheckboxSection__option"
              >
                <input
                  id="114"
                  name="114"
                  type="checkbox"
                />
                <label
                  for="114"
                >
                  4X
                </label>
              </div>
              <div
                class="FormCheckboxSection__option"
              >
                <input
                  id="131"
                  name="131"
                  type="checkbox"
                />
                <label
                  for="131"
                >
                  00
                </label>
              </div>
              <div
                class="FormCheckboxSection__option"
              >
                <input
                  id="132"
                  name="132"
                  type="checkbox"
                />
                <label
                  for="132"
                >
                  0
                </label>
              </div>
              <div
                class="FormCheckboxSection__option"
              >
                <input
                  id="133"
                  name="133"
                  type="checkbox"
                />
                <label
                  for="133"
                >
                  2
                </label>
              </div>
              <div
                class="FormCheckboxSection__option"
              >
                <input
                  id="134"
                  name="134"
                  type="checkbox"
                />
                <label
                  for="134"
                >
                  4
                </label>
              </div>
              <div
                class="FormCheckboxSection__option"
              >
                <input
                  id="135"
                  name="135"
                  type="checkbox"
                />
                <label
                  for="135"
                >
                  6
                </label>
              </div>
              <div
                class="FormCheckboxSection__option"
              >
                <input
                  id="136"
                  name="136"
                  type="checkbox"
                />
                <label
                  for="136"
                >
                  8
                </label>
              </div>
              <div
                class="FormCheckboxSection__option"
              >
                <input
                  id="137"
                  name="137"
                  type="checkbox"
                />
                <label
                  for="137"
                >
                  10
                </label>
              </div>
              <div
                class="FormCheckboxSection__option"
              >
                <input
                  id="138"
                  name="138"
                  type="checkbox"
                />
                <label
                  for="138"
                >
                  12
                </label>
              </div>
              <div
                class="FormCheckboxSection__option"
              >
                <input
                  id="139"
                  name="139"
                  type="checkbox"
                />
                <label
                  for="139"
                >
                  14
                </label>
              </div>
              <div
                class="FormCheckboxSection__option"
              >
                <input
                  id="140"
                  name="140"
                  type="checkbox"
                />
                <label
                  for="140"
                >
                  16
                </label>
              </div>
              <div
                class="FormCheckboxSection__option"
              >
                <input
                  id="141"
                  name="141"
                  type="checkbox"
                />
                <label
                  for="141"
                >
                  18
                </label>
              </div>
              <div
                class="FormCheckboxSection__option"
              >
                <input
                  id="142"
                  name="142"
                  type="checkbox"
                />
                <label
                  for="142"
                >
                  20
                </label>
              </div>
              <div
                class="FormCheckboxSection__option"
              >
                <input
                  id="143"
                  name="143"
                  type="checkbox"
                />
                <label
                  for="143"
                >
                  22
                </label>
              </div>
              <div
                class="FormCheckboxSection__option"
              >
                <input
                  id="144"
                  name="144"
                  type="checkbox"
                />
                <label
                  for="144"
                >
                  24
                </label>
              </div>
              <div
                class="FormCheckboxSection__option"
              >
                <input
                  id="145"
                  name="145"
                  type="checkbox"
                />
                <label
                  for="145"
                >
                  26
                </label>
              </div>
              <div
                class="FormCheckboxSection__option"
              >
                <input
                  id="146"
                  name="146"
                  type="checkbox"
                />
                <label
                  for="146"
                >
                  28
                </label>
              </div>
            </div>
          </div>
          <div
            class="FormCheckboxSection"
          >
            <p>
              Tall US sizing
            </p>
            <div
              class="FormCheckboxSection__options-container"
            >
              <div
                class="FormCheckboxSection__option"
              >
                <input
                  id="211"
                  name="211"
                  type="checkbox"
                />
                <label
                  for="211"
                >
                  XXS
                </label>
              </div>
              <div
                class="FormCheckboxSection__option"
              >
                <input
                  id="212"
                  name="212"
                  type="checkbox"
                />
                <label
                  for="212"
                >
                  XS
                </label>
              </div>
              <div
                class="FormCheckboxSection__option"
              >
                <input
                  id="213"
                  name="213"
                  type="checkbox"
                />
                <label
                  for="213"
                >
                  S
                </label>
              </div>
              <div
                class="FormCheckboxSection__option"
              >
                <input
                  id="214"
                  name="214"
                  type="checkbox"
                />
                <label
                  for="214"
                >
                  M
                </label>
              </div>
              <div
                class="FormCheckboxSection__option"
              >
                <input
                  id="215"
                  name="215"
                  type="checkbox"
                />
                <label
                  for="215"
                >
                  L
                </label>
              </div>
              <div
                class="FormCheckboxSection__option"
              >
                <input
                  id="216"
                  name="216"
                  type="checkbox"
                />
                <label
                  for="216"
                >
                  XL
                </label>
              </div>
              <div
                class="FormCheckboxSection__option"
              >
                <input
                  id="217"
                  name="217"
                  type="checkbox"
                />
                <label
                  for="217"
                >
                  2X
                </label>
              </div>
              <div
                class="FormCheckboxSection__option"
              >
                <input
                  id="218"
                  name="218"
                  type="checkbox"
                />
                <label
                  for="218"
                >
                  3X
                </label>
              </div>
              <div
                class="FormCheckboxSection__option"
              >
                <input
                  id="219"
                  name="219"
                  type="checkbox"
                />
                <label
                  for="219"
                >
                  4X
                </label>
              </div>
              <div
                class="FormCheckboxSection__option"
              >
                <input
                  id="236"
                  name="236"
                  type="checkbox"
                />
                <label
                  for="236"
                >
                  00
                </label>
              </div>
              <div
                class="FormCheckboxSection__option"
              >
                <input
                  id="237"
                  name="237"
                  type="checkbox"
                />
                <label
                  for="237"
                >
                  0
                </label>
              </div>
              <div
                class="FormCheckboxSection__option"
              >
                <input
                  id="238"
                  name="238"
                  type="checkbox"
                />
                <label
                  for="238"
                >
                  2
                </label>
              </div>
              <div
                class="FormCheckboxSection__option"
              >
                <input
                  id="239"
                  name="239"
                  type="checkbox"
                />
                <label
                  for="239"
                >
                  4
                </label>
              </div>
              <div
                class="FormCheckboxSection__option"
              >
                <input
                  id="240"
                  name="240"
                  type="checkbox"
                />
                <label
                  for="240"
                >
                  6
                </label>
              </div>
              <div
                class="FormCheckboxSection__option"
              >
                <input
                  id="241"
                  name="241"
                  type="checkbox"
                />
                <label
                  for="241"
                >
                  8
                </label>
              </div>
              <div
                class="FormCheckboxSection__option"
              >
                <input
                  id="242"
                  name="242"
                  type="checkbox"
                />
                <label
                  for="242"
                >
                  10
                </label>
              </div>
              <div
                class="FormCheckboxSection__option"
              >
                <input
                  id="243"
                  name="243"
                  type="checkbox"
                />
                <label
                  for="243"
                >
                  12
                </label>
              </div>
              <div
                class="FormCheckboxSection__option"
              >
                <input
                  id="244"
                  name="244"
                  type="checkbox"
                />
                <label
                  for="244"
                >
                  14
                </label>
              </div>
              <div
                class="FormCheckboxSection__option"
              >
                <input
                  id="245"
                  name="245"
                  type="checkbox"
                />
                <label
                  for="245"
                >
                  16
                </label>
              </div>
              <div
                class="FormCheckboxSection__option"
              >
                <input
                  id="246"
                  name="246"
                  type="checkbox"
                />
                <label
                  for="246"
                >
                  18
                </label>
              </div>
              <div
                class="FormCheckboxSection__option"
              >
                <input
                  id="247"
                  name="247"
                  type="checkbox"
                />
                <label
                  for="247"
                >
                  20
                </label>
              </div>
              <div
                class="FormCheckboxSection__option"
              >
                <input
                  id="248"
                  name="248"
                  type="checkbox"
                />
                <label
                  for="248"
                >
                  22
                </label>
              </div>
              <div
                class="FormCheckboxSection__option"
              >
                <input
                  id="249"
                  name="249"
                  type="checkbox"
                />
                <label
                  for="249"
                >
                  24
                </label>
              </div>
              <div
                class="FormCheckboxSection__option"
              >
                <input
                  id="250"
                  name="250"
                  type="checkbox"
                />
                <label
                  for="250"
                >
                  26
                </label>
              </div>
              <div
                class="FormCheckboxSection__option"
              >
                <input
                  id="251"
                  name="251"
                  type="checkbox"
                />
                <label
                  for="251"
                >
                  28
                </label>
              </div>
            </div>
          </div>
          <div
            class="FormCheckboxSection"
          >
            <p>
              Maternity US sizing
            </p>
            <div
              class="FormCheckboxSection__options-container"
            >
              <div
                class="FormCheckboxSection__option"
              >
                <input
                  id="316"
                  name="316"
                  type="checkbox"
                />
                <label
                  for="316"
                >
                  XXS
                </label>
              </div>
              <div
                class="FormCheckboxSection__option"
              >
                <input
                  id="317"
                  name="317"
                  type="checkbox"
                />
                <label
                  for="317"
                >
                  XS
                </label>
              </div>
              <div
                class="FormCheckboxSection__option"
              >
                <input
                  id="318"
                  name="318"
                  type="checkbox"
                />
                <label
                  for="318"
                >
                  S
                </label>
              </div>
              <div
                class="FormCheckboxSection__option"
              >
                <input
                  id="319"
                  name="319"
                  type="checkbox"
                />
                <label
                  for="319"
                >
                  M
                </label>
              </div>
              <div
                class="FormCheckboxSection__option"
              >
                <input
                  id="320"
                  name="320"
                  type="checkbox"
                />
                <label
                  for="320"
                >
                  L
                </label>
              </div>
              <div
                class="FormCheckboxSection__option"
              >
                <input
                  id="321"
                  name="321"
                  type="checkbox"
                />
                <label
                  for="321"
                >
                  XL
                </label>
              </div>
              <div
                class="FormCheckboxSection__option"
              >
                <input
                  id="322"
                  name="322"
                  type="checkbox"
                />
                <label
                  for="322"
                >
                  2X
                </label>
              </div>
              <div
                class="FormCheckboxSection__option"
              >
                <input
                  id="323"
                  name="323"
                  type="checkbox"
                />
                <label
                  for="323"
                >
                  3X
                </label>
              </div>
              <div
                class="FormCheckboxSection__option"
              >
                <input
                  id="324"
                  name="324"
                  type="checkbox"
                />
                <label
                  for="324"
                >
                  4X
                </label>
              </div>
              <div
                class="FormCheckboxSection__option"
              >
                <input
                  id="341"
                  name="341"
                  type="checkbox"
                />
                <label
                  for="341"
                >
                  00
                </label>
              </div>
              <div
                class="FormCheckboxSection__option"
              >
                <input
                  id="342"
                  name="342"
                  type="checkbox"
                />
                <label
                  for="342"
                >
                  0
                </label>
              </div>
              <div
                class="FormCheckboxSection__option"
              >
                <input
                  id="343"
                  name="343"
                  type="checkbox"
                />
                <label
                  for="343"
                >
                  2
                </label>
              </div>
              <div
                class="FormCheckboxSection__option"
              >
                <input
                  id="344"
                  name="344"
                  type="checkbox"
                />
                <label
                  for="344"
                >
                  4
                </label>
              </div>
              <div
                class="FormCheckboxSection__option"
              >
                <input
                  id="345"
                  name="345"
                  type="checkbox"
                />
                <label
                  for="345"
                >
                  6
                </label>
              </div>
              <div
                class="FormCheckboxSection__option"
              >
                <input
                  id="346"
                  name="346"
                  type="checkbox"
                />
                <label
                  for="346"
                >
                  8
                </label>
              </div>
              <div
                class="FormCheckboxSection__option"
              >
                <input
                  id="347"
                  name="347"
                  type="checkbox"
                />
                <label
                  for="347"
                >
                  10
                </label>
              </div>
              <div
                class="FormCheckboxSection__option"
              >
                <input
                  id="348"
                  name="348"
                  type="checkbox"
                />
                <label
                  for="348"
                >
                  12
                </label>
              </div>
              <div
                class="FormCheckboxSection__option"
              >
                <input
                  id="349"
                  name="349"
                  type="checkbox"
                />
                <label
                  for="349"
                >
                  14
                </label>
              </div>
              <div
                class="FormCheckboxSection__option"
              >
                <input
                  id="350"
                  name="350"
                  type="checkbox"
                />
                <label
                  for="350"
                >
                  16
                </label>
              </div>
              <div
                class="FormCheckboxSection__option"
              >
                <input
                  id="351"
                  name="351"
                  type="checkbox"
                />
                <label
                  for="351"
                >
                  18
                </label>
              </div>
              <div
                class="FormCheckboxSection__option"
              >
                <input
                  id="352"
                  name="352"
                  type="checkbox"
                />
                <label
                  for="352"
                >
                  20
                </label>
              </div>
              <div
                class="FormCheckboxSection__option"
              >
                <input
                  id="353"
                  name="353"
                  type="checkbox"
                />
                <label
                  for="353"
                >
                  22
                </label>
              </div>
              <div
                class="FormCheckboxSection__option"
              >
                <input
                  id="354"
                  name="354"
                  type="checkbox"
                />
                <label
                  for="354"
                >
                  24
                </label>
              </div>
              <div
                class="FormCheckboxSection__option"
              >
                <input
                  id="355"
                  name="355"
                  type="checkbox"
                />
                <label
                  for="355"
                >
                  26
                </label>
              </div>
              <div
                class="FormCheckboxSection__option"
              >
                <input
                  id="356"
                  name="356"
                  type="checkbox"
                />
                <label
                  for="356"
                >
                  28
                </label>
              </div>
            </div>
          </div>
        </form>
        <div />
      </section>
      <footer
        class="NPFFooter"
      >
        <button
          class="NPFFooter__previous"
          type="button"
        >
          <svg
            aria-hidden="true"
            class="svg-inline--fa fa-angle-left NPFFooter__left-arrow"
            data-icon="angle-left"
            data-prefix="fas"
            focusable="false"
            role="img"
            viewBox="0 0 320 512"
            xmlns="http://www.w3.org/2000/svg"
          >
            <path
              d="M41.4 233.4c-12.5 12.5-12.5 32.8 0 45.3l160 160c12.5 12.5 32.8 12.5 45.3 0s12.5-32.8 0-45.3L109.3 256 246.6 118.6c12.5-12.5 12.5-32.8 0-45.3s-32.8-12.5-45.3 0l-160 160z"
              fill="currentColor"
            />
          </svg>
          <span>
            PREVIOUS
          </span>
        </button>
        <button
          class="NPFFooter__next"
          type="button"
        >
          <span>
            NEXT
          </span>
          <svg
            aria-hidden="true"
            class="svg-inline--fa fa-angle-right NPFFooter__right-arrow"
            data-icon="angle-right"
            data-prefix="fas"
            focusable="false"
            role="img"
            viewBox="0 0 320 512"
            xmlns="http://www.w3.org/2000/svg"
          >
            <path
              d="M278.6 233.4c12.5 12.5 12.5 32.8 0 45.3l-160 160c-12.5 12.5-32.8 12.5-45.3 0s-12.5-32.8 0-45.3L210.7 256 73.4 118.6c-12.5-12.5-12.5-32.8 0-45.3s32.8-12.5 45.3 0l160 160z"
              fill="currentColor"
            />
          </svg>
        </button>
      </footer>
    </div>
  </div>,
  "debug": [Function],
  "findAllByAltText": [Function],
  "findAllByDisplayValue": [Function],
  "findAllByLabelText": [Function],
  "findAllByPlaceholderText": [Function],
  "findAllByRole": [Function],
  "findAllByTestId": [Function],
  "findAllByText": [Function],
  "findAllByTitle": [Function],
  "findByAltText": [Function],
  "findByDisplayValue": [Function],
  "findByLabelText": [Function],
  "findByPlaceholderText": [Function],
  "findByRole": [Function],
  "findByTestId": [Function],
  "findByText": [Function],
  "findByTitle": [Function],
  "getAllByAltText": [Function],
  "getAllByDisplayValue": [Function],
  "getAllByLabelText": [Function],
  "getAllByPlaceholderText": [Function],
  "getAllByRole": [Function],
  "getAllByTestId": [Function],
  "getAllByText": [Function],
  "getAllByTitle": [Function],
  "getByAltText": [Function],
  "getByDisplayValue": [Function],
  "getByLabelText": [Function],
  "getByPlaceholderText": [Function],
  "getByRole": [Function],
  "getByTestId": [Function],
  "getByText": [Function],
  "getByTitle": [Function],
  "queryAllByAltText": [Function],
  "queryAllByDisplayValue": [Function],
  "queryAllByLabelText": [Function],
  "queryAllByPlaceholderText": [Function],
  "queryAllByRole": [Function],
  "queryAllByTestId": [Function],
  "queryAllByText": [Function],
  "queryAllByTitle": [Function],
  "queryByAltText": [Function],
  "queryByDisplayValue": [Function],
  "queryByLabelText": [Function],
  "queryByPlaceholderText": [Function],
  "queryByRole": [Function],
  "queryByTestId": [Function],
  "queryByText": [Function],
  "queryByTitle": [Function],
  "rerender": [Function],
  "unmount": [Function],
}
`;
