// Jest Snapshot v1, https://goo.gl/fbAQLP

exports[`NPFImages render the UI as expected 1`] = `
<div
  className="NPFImages"
>
  <section
    className="FormPage"
  >
    <h1>
      Images
    </h1>
    <form
      autoComplete="off"
      id="form-page"
    >
      <div
        className="FormPromptWithSub"
      >
        <p
          className="FormPromptWithSub__prompt"
        >
          Enter the image URLs of up to four images for each color option, one URL per line.
        </p>
        <p
          className="FormPromptWithSub__subtitle"
        >
          To copy an image URL from a product page, follow these steps: on a computer, right-click on the image, then select 'Copy Image Address'.  
                    On a mobile device, tap and hold the image, then select 'Copy'.  If 'Copy' is not an option, select 'Share...', then 'Copy'.
                    
                    Remove any empty fields before tapping 'Next'.
        </p>
      </div>
      <fieldset
        className="FormFieldset"
      >
        <div />
        <div
          className="FormPromptWithSub"
        >
          <p
            className="FormPromptWithSub__prompt"
          >
            Test name
          </p>
          <p
            className="FormPromptWithSub__subtitle"
          >
            Enter the image URLs of up to four product images in test name, one URL per line.
          </p>
        </div>
        <div
          className="NPFImages__image-field"
        >
          <button
            className="NPFImages__remove-image"
            onClick={[Function]}
            type="button"
          >
            REMOVE
          </button>
          <div
            className="FormUrlInput"
          >
            <label
              htmlFor="color-image-urls-0"
            >
              Image URL for this color
            </label>
            <input
              id="color-image-urls-0"
              name="imageUrls"
              onChange={[Function]}
              required={true}
              type="url"
              value=""
            />
          </div>
        </div>
        <button
          className="FormButton"
          onClick={[Function]}
          type="button"
        >
          Add an image for this color
        </button>
        <br />
      </fieldset>
    </form>
    <div>
      
    </div>
  </section>
  <footer
    className="NPFFooter"
  >
    <button
      className="NPFFooter__previous"
      onClick={[Function]}
      type="button"
    >
      <svg
        aria-hidden="true"
        className="svg-inline--fa fa-angle-left fa-w-8 NPFFooter__left-arrow"
        data-icon="angle-left"
        data-prefix="fas"
        focusable="false"
        role="img"
        style={Object {}}
        viewBox="0 0 256 512"
        xmlns="http://www.w3.org/2000/svg"
      >
        <path
          d="M31.7 239l136-136c9.4-9.4 24.6-9.4 33.9 0l22.6 22.6c9.4 9.4 9.4 24.6 0 33.9L127.9 256l96.4 96.4c9.4 9.4 9.4 24.6 0 33.9L201.7 409c-9.4 9.4-24.6 9.4-33.9 0l-136-136c-9.5-9.4-9.5-24.6-.1-34z"
          fill="currentColor"
          style={Object {}}
        />
      </svg>
      <span>
        PREVIOUS
      </span>
    </button>
    <button
      className="NPFFooter__next"
      onClick={[Function]}
      type="button"
    >
      <span>
        NEXT
      </span>
      <svg
        aria-hidden="true"
        className="svg-inline--fa fa-angle-right fa-w-8 NPFFooter__right-arrow"
        data-icon="angle-right"
        data-prefix="fas"
        focusable="false"
        role="img"
        style={Object {}}
        viewBox="0 0 256 512"
        xmlns="http://www.w3.org/2000/svg"
      >
        <path
          d="M224.3 273l-136 136c-9.4 9.4-24.6 9.4-33.9 0l-22.6-22.6c-9.4-9.4-9.4-24.6 0-33.9l96.4-96.4-96.4-96.4c-9.4-9.4-9.4-24.6 0-33.9L54.3 103c9.4-9.4 24.6-9.4 33.9 0l136 136c9.5 9.4 9.5 24.6.1 34z"
          fill="currentColor"
          style={Object {}}
        />
      </svg>
    </button>
  </footer>
</div>
`;
