// Jest Snapshot v1, https://goo.gl/fbAQLP

exports[`NPFNewProduct render the UI as expected 1`] = `
<div>
  <section
    className="FormPage"
  >
    <h1>
      New Product
    </h1>
    <form>
      <div
        className="FormText"
      >
        <label
          htmlFor="product-name"
        >
          Product name
        </label>
        <input
          defaultValue=""
          id="product-name"
          name="productName"
          onChange={[Function]}
          type="text"
        />
      </div>
      <div
        className="FormUrlInput"
      >
        <label
          htmlFor="product-url"
        >
          Product URL
        </label>
        <input
          defaultValue=""
          id="product-url"
          name="productUrl"
          onChange={[Function]}
          type="url"
        />
      </div>
      <div
        className="FormDropdown"
      >
        <label
          htmlFor="product-category"
        >
          Category
        </label>
        <select
          name="productCategory"
          onChange={[Function]}
        >
          <option
            id={1}
          >
            Activewear
          </option>
          <option
            id={2}
          >
            Blazers
          </option>
          <option
            id={3}
          >
            Coats and Jackets
          </option>
          <option
            id={4}
          >
            Dresses
          </option>
          <option
            id={5}
          >
            Facemasks
          </option>
          <option
            id={6}
          >
            Hair Accessories and Hats
          </option>
          <option
            id={7}
          >
            Jeans
          </option>
          <option
            id={8}
          >
            Jumpsuits
          </option>
          <option
            id={9}
          >
            Lingerie
          </option>
          <option
            id={10}
          >
            Pants
          </option>
          <option
            id={11}
          >
            Shoes
          </option>
          <option
            id={12}
          >
            Skirts
          </option>
          <option
            id={13}
          >
            Socks and Tights
          </option>
          <option
            id={14}
          >
            Sweaters
          </option>
          <option
            id={15}
          >
            Swimwear
          </option>
          <option
            id={16}
          >
            Tops
          </option>
        </select>
      </div>
      <div
        className="FormUrlInput"
      >
        <label
          htmlFor="feature-image-url"
        >
          Feature image URL
        </label>
        <input
          defaultValue=""
          id="feature-image-url"
          name="featureImageUrl"
          onChange={[Function]}
          type="url"
        />
      </div>
      <div
        className="FormPromptWithSub"
      >
        <p
          className="FormPromptWithSub__prompt"
        >
          Currency
        </p>
        <p
          className="FormPromptWithSub__subtitle"
        >
          
        </p>
      </div>
      <div
        className="FormDropdown"
      >
        <label
          htmlFor="product-currency"
        >
          Currency
        </label>
        <select
          name="productCurrency"
          onChange={[Function]}
        />
      </div>
      <div
        className="FormText"
      >
        <label
          htmlFor="price"
        >
          Product price
        </label>
        <input
          defaultValue=""
          id="price"
          name="price"
          onChange={[Function]}
          type="text"
        />
      </div>
      <div
        className="FormPromptWithSub"
      >
        <p
          className="FormPromptWithSub__prompt"
        >
          Care instructions
        </p>
        <p
          className="FormPromptWithSub__subtitle"
        >
          
        </p>
      </div>
      <div
        className="FormDropdown"
      >
        <label
          htmlFor="wash"
        >
          Wash instructions
        </label>
        <select
          name="wash"
          onChange={[Function]}
          value=""
        >
          <option
            id={1}
          >
            Do not wash
          </option>
          <option
            id={2}
          >
            Machine wash cold
          </option>
          <option
            id={3}
          >
            Machine wash warm
          </option>
        </select>
      </div>
      <div
        className="FormDropdown"
      >
        <label
          htmlFor="dry"
        >
          Dry instructions
        </label>
        <select
          name="dry"
          onChange={[Function]}
          value=""
        >
          <option
            id={1}
          >
            Hang dry
          </option>
          <option
            id={2}
          >
            Hand dry in the shade
          </option>
          <option
            id={3}
          >
            Dry flat
          </option>
        </select>
      </div>
    </form>
  </section>
  <footer
    className="NPFFooter"
  >
    <button
      className="NPFFooter_previous"
      onClick={[Function]}
    >
      <svg
        aria-hidden="true"
        className="svg-inline--fa fa-arrow-left fa-w-14 NPFFooter_arrow"
        data-icon="arrow-left"
        data-prefix="fas"
        focusable="false"
        role="img"
        style={Object {}}
        viewBox="0 0 448 512"
        xmlns="http://www.w3.org/2000/svg"
      >
        <path
          d="M257.5 445.1l-22.2 22.2c-9.4 9.4-24.6 9.4-33.9 0L7 273c-9.4-9.4-9.4-24.6 0-33.9L201.4 44.7c9.4-9.4 24.6-9.4 33.9 0l22.2 22.2c9.5 9.5 9.3 25-.4 34.3L136.6 216H424c13.3 0 24 10.7 24 24v32c0 13.3-10.7 24-24 24H136.6l120.5 114.8c9.8 9.3 10 24.8.4 34.3z"
          fill="currentColor"
          style={Object {}}
        />
      </svg>
      <span>
        PREVIOUS
      </span>
    </button>
    <button
      className="NPFFooter_next"
      onClick={[Function]}
    >
      <span>
        NEXT
      </span>
      <svg
        aria-hidden="true"
        className="svg-inline--fa fa-arrow-right fa-w-14 NPFFooter_arrow"
        data-icon="arrow-right"
        data-prefix="fas"
        focusable="false"
        role="img"
        style={Object {}}
        viewBox="0 0 448 512"
        xmlns="http://www.w3.org/2000/svg"
      >
        <path
          d="M190.5 66.9l22.2-22.2c9.4-9.4 24.6-9.4 33.9 0L441 239c9.4 9.4 9.4 24.6 0 33.9L246.6 467.3c-9.4 9.4-24.6 9.4-33.9 0l-22.2-22.2c-9.5-9.5-9.3-25 .4-34.3L311.4 296H24c-13.3 0-24-10.7-24-24v-32c0-13.3 10.7-24 24-24h287.4L190.9 101.2c-9.8-9.3-10-24.8-.4-34.3z"
          fill="currentColor"
          style={Object {}}
        />
      </svg>
    </button>
  </footer>
</div>
`;
