// Jest Snapshot v1, https://goo.gl/fbAQLP

exports[`Product renders the UI as expected 1`] = `
<li
  className="Product"
>
  <a
    href="/product/0/"
    onClick={[Function]}
  >
    <div
      className="Product__cropped"
    >
      <img
        alt=""
        src=""
      />
    </div>
    <p
      className="Product__brand-and-title"
    >
      <span>
        
         
      </span>
      <span>
        
      </span>
    </p>
    <p
      className="Product__price"
    >
      $
      0
    </p>
  </a>
</li>
`;
